// Jest Snapshot v1, https://goo.gl/fbAQLP

exports[`user component renders correctly 1`] = `
<div
  style={
    Object {
      "margin": "0 auto 12px",
      "width": "70%",
    }
  }
>
  <div>
    <div>
      <div>
        <b>
          Bret
          ,
        </b>
         
        Romaguera-Crona
      </div>
      <div>
        <div>
          <p>
            <svg
              fill="none"
              height="1em"
              stroke="currentColor"
              strokeLinecap="round"
              strokeLinejoin="round"
              strokeWidth="2"
              style={
                Object {
                  "color": undefined,
                }
              }
              viewBox="0 0 24 24"
              width="1em"
              xmlns="http://www.w3.org/2000/svg"
            >
              <path
                d="M15.05 5A5 5 0 0 1 19 8.95M15.05 1A9 9 0 0 1 23 8.94m-1 7.98v3a2 2 0 0 1-2.18 2 19.79 19.79 0 0 1-8.63-3.07 19.5 19.5 0 0 1-6-6 19.79 19.79 0 0 1-3.07-8.67A2 2 0 0 1 4.11 2h3a2 2 0 0 1 2 1.72 12.84 12.84 0 0 0 .7 2.81 2 2 0 0 1-.45 2.11L8.09 9.91a16 16 0 0 0 6 6l1.27-1.27a2 2 0 0 1 2.11-.45 12.84 12.84 0 0 0 2.81.7A2 2 0 0 1 22 16.92z"
              />
            </svg>
            1-770-736-8031 x56442
          </p>
          <p>
            <svg
              fill="none"
              height="1em"
              stroke="currentColor"
              strokeLinecap="round"
              strokeLinejoin="round"
              strokeWidth="2"
              style={
                Object {
                  "color": undefined,
                }
              }
              viewBox="0 0 24 24"
              width="1em"
              xmlns="http://www.w3.org/2000/svg"
            >
              <circle
                cx="12"
                cy="12"
                r="10"
              />
              <line
                x1="2"
                x2="22"
                y1="12"
                y2="12"
              />
              <path
                d="M12 2a15.3 15.3 0 0 1 4 10 15.3 15.3 0 0 1-4 10 15.3 15.3 0 0 1-4-10 15.3 15.3 0 0 1 4-10z"
              />
            </svg>
            <a
              href="hildegard.org"
              rel="noopener noreferrer"
              target="_blank"
            >
              hildegard.org
            </a>
          </p>
          <p>
            <svg
              fill="none"
              height="1em"
              stroke="currentColor"
              strokeLinecap="round"
              strokeLinejoin="round"
              strokeWidth="2"
              style={
                Object {
                  "color": undefined,
                }
              }
              viewBox="0 0 24 24"
              width="1em"
              xmlns="http://www.w3.org/2000/svg"
            >
              <path
                d="M4 4h16c1.1 0 2 .9 2 2v12c0 1.1-.9 2-2 2H4c-1.1 0-2-.9-2-2V6c0-1.1.9-2 2-2z"
              />
              <polyline
                points="22,6 12,13 2,6"
              />
            </svg>
            <a
              href="mailto:Sincere@april.biz"
            >
              Sincere@april.biz
            </a>
          </p>
        </div>
      </div>
    </div>
    <div>
      <a
        href="/users/1/posts"
        onClick={[Function]}
      >
        browse posts
      </a>
    </div>
  </div>
</div>
`;
